---
source: src/snapshot_middleware/json_model.rs
expression: instance_snapshot
---
snapshot_id: ~
metadata:
  ignore_unknown_instances: false
  instigating_source:
    Path: /foo.model.json
  relevant_paths:
    - /foo.model.json
  context: {}
  debug_id: ~
name: foo
class_name: IntValue
properties:
  Value:
    Int64: 5
children:
  - snapshot_id: ~
    metadata:
      ignore_unknown_instances: false
      relevant_paths: []
      context: {}
      debug_id: ~
    name: The Child
    class_name: StringValue
    properties: {}
    children: []

