---
source: src/snapshot/tests/compute.rs
expression: patch_value
---
removed_instances: []
added_instances:
  - parent_id: id-1
    instance:
      snapshot_id: ~
      metadata:
        ignore_unknown_instances: false
        relevant_paths: []
        context: {}
        debug_id: ~
      name: New
      class_name: Folder
      properties: {}
      children: []
      ignore_children: false
updated_instances: []

